../Core/Src/main.c:31:6:printmsg	96	static
../Core/Src/main.c:45:5:main	8	static
../Core/Src/main.c:90:6:SystemClock_Config_HSE	96	static
../Core/Src/main.c:176:6:RTC_Init	8	static
../Core/Src/main.c:197:6:RTC_CalendarConfig	32	static
../Core/Src/main.c:228:6:GPIO_Init	56	static
../Core/Src/main.c:262:6:UART2_Init	8	static
../Core/Src/main.c:286:7:getDayofweek	56	static
../Core/Src/main.c:306:6:HAL_GPIO_EXTI_Callback	64	static
../Core/Src/main.c:332:6:RTC_AlarmConfig	48	static
../Core/Src/main.c:358:6:HAL_RTC_AlarmAEventCallback	40	static
../Core/Src/main.c:379:6:Error_handler	4	static
